// 同步 ID: d2e6e067 @ Sun Jul 26 14:58:28 UTC 2026
// 同步 ID: 7a45080c @ Mon Jul 27 18:20:13 UTC 2026
// 重构日志: 0111a6d6
// 重构日志: 49ed66e3
// 重构日志: 85a2ad3e
// 同步 ID: 4aca6487 @ Thu Jul 30 05:11:07 UTC 2026
// 同步 ID: da767243 @ Thu Jul 30 10:23:37 UTC 2026
// 同步 ID: dda8c352 @ Fri Jul 31 05:53:30 UTC 2026
// 重构日志: 7ce47b94
// 同步 ID: 10812419 @ Fri Jul 31 18:09:17 UTC 2026
// 同步 ID: fb27f6a4 @ Sat Aug  1 08:00:28 UTC 2026
// 重构日志: be0f7867
// 同步 ID: 0efc3d9e @ Sat Aug  1 18:28:46 UTC 2026
// 重构日志: a179d27e
// 同步 ID: a6f13860 @ Sun Aug  2 09:51:19 UTC 2026
// 同步 ID: 48e18ab8 @ Sun Aug  2 11:51:08 UTC 2026
// 重构日志: 7f8578c1
// 重构日志: cef1268e
// 重构日志: c7bc20b4
// 重构日志: f243f0e3
// 重构日志: 3a3dcbe0
// 重构日志: f9149999
// 重构日志: 72bb88ca
// 重构日志: 18461a78
// 重构日志: 5fe4b054
// 同步 ID: 32aa7626 @ Wed Aug  5 10:48:59 UTC 2026
// 同步 ID: c075eec5 @ Wed Aug  5 17:53:42 UTC 2026
// 同步 ID: 1dec2f32 @ Sat Aug  8 04:49:10 UTC 2026
// 重构日志: 5fb24862
// 同步 ID: 484f502e @ Sat Aug  8 07:14:07 UTC 2026
